mode: set
awesomeProject/test/main.go:8.36,12.2 3 1
awesomeProject/test/main.go:14.13,17.2 2 0
